#! /usr/bin/vvp
:ivl_version "10.1 (stable)";
:ivl_delay_selection "TYPICAL";
:vpi_time_precision - 5;
:vpi_module "system";
:vpi_module "vhdl_sys";
:vpi_module "v2005_math";
:vpi_module "va_math";
S_0x56316b099f50 .scope module, "testPsPAnt" "testPsPAnt" 2 2;
 .timescale -5 -5;
v0x56316b0bc2a0_0 .net "Bout", 0 0, v0x56316b0bacc0_0;  1 drivers
v0x56316b0bc390_0 .net "Gout", 0 0, v0x56316b0bad80_0;  1 drivers
v0x56316b0bc460_0 .net "Rout", 0 0, v0x56316b0bae40_0;  1 drivers
v0x56316b0bc560_0 .net "clk", 0 0, v0x56316b09a3d0_0;  1 drivers
v0x56316b0bc600_0 .net "counth", 10 0, v0x56316b0bb0d0_0;  1 drivers
v0x56316b0bc6f0_0 .net "countv", 10 0, v0x56316b0bb1b0_0;  1 drivers
v0x56316b0bc790_0 .var "h0", 3 0;
v0x56316b0bc860_0 .var "h1", 3 0;
v0x56316b0bc930_0 .var "h_sinc", 0 0;
v0x56316b0bca00_0 .net "inside", 0 0, v0x56316b0bb690_0;  1 drivers
v0x56316b0bcad0_0 .var "m0", 3 0;
v0x56316b0bcba0_0 .var "m1", 3 0;
v0x56316b0bcc70_0 .var "s0", 3 0;
v0x56316b0bcd40_0 .var "s1", 3 0;
v0x56316b0bce10_0 .net "test", 0 0, v0x56316b0bbf20_0;  1 drivers
v0x56316b0bcee0_0 .var "v_sinc", 0 0;
S_0x56316b09a0d0 .scope module, "myClock" "clock_gen" 2 11, 3 2 0, S_0x56316b099f50;
 .timescale -5 -5;
    .port_info 0 /OUTPUT 1 "clk"
P_0x56316b062120 .param/l "PERIOD" 0 3 4, +C4<00000000000000000000000000000100>;
v0x56316b09a3d0_0 .var "clk", 0 0;
S_0x56316b09a250 .scope begin, "CLOCK_DRIVER" "CLOCK_DRIVER" 3 9, 3 9 0, S_0x56316b09a0d0;
 .timescale -5 -5;
S_0x56316b0b9070 .scope module, "testbench" "PosPant" 2 10, 4 2 0, S_0x56316b099f50;
 .timescale -5 -5;
    .port_info 0 /INPUT 1 "h_sinc"
    .port_info 1 /INPUT 1 "v_sinc"
    .port_info 2 /INPUT 4 "h1"
    .port_info 3 /INPUT 4 "h0"
    .port_info 4 /INPUT 4 "m1"
    .port_info 5 /INPUT 4 "m0"
    .port_info 6 /INPUT 4 "s1"
    .port_info 7 /INPUT 4 "s0"
    .port_info 8 /OUTPUT 1 "Rout"
    .port_info 9 /OUTPUT 1 "Gout"
    .port_info 10 /OUTPUT 1 "Bout"
    .port_info 11 /INPUT 1 "clk"
    .port_info 12 /OUTPUT 11 "countH"
    .port_info 13 /OUTPUT 11 "countV"
    .port_info 14 /OUTPUT 1 "inside"
    .port_info 15 /OUTPUT 1 "test"
P_0x56316b0b9240 .param/l "DH1M" 0 4 24, +C4<00000000000000000000000100101100>;
P_0x56316b0b9280 .param/l "DH1m" 0 4 24, +C4<00000000000000000000000100100111>;
P_0x56316b0b92c0 .param/l "DH2M" 0 4 24, +C4<00000000000000000000000100110100>;
P_0x56316b0b9300 .param/l "DH2m" 0 4 24, +C4<00000000000000000000000100101111>;
P_0x56316b0b9340 .param/l "DH3M" 0 4 24, +C4<00000000000000000000000100111110>;
P_0x56316b0b9380 .param/l "DH3m" 0 4 24, +C4<00000000000000000000000100111001>;
P_0x56316b0b93c0 .param/l "DH4M" 0 4 24, +C4<00000000000000000000000101000110>;
P_0x56316b0b9400 .param/l "DH4m" 0 4 24, +C4<00000000000000000000000101000001>;
P_0x56316b0b9440 .param/l "DH5M" 0 4 24, +C4<00000000000000000000000101010000>;
P_0x56316b0b9480 .param/l "DH5m" 0 4 24, +C4<00000000000000000000000101001011>;
P_0x56316b0b94c0 .param/l "DH6M" 0 4 24, +C4<00000000000000000000000101011000>;
P_0x56316b0b9500 .param/l "DH6m" 0 4 24, +C4<00000000000000000000000101010011>;
P_0x56316b0b9540 .param/l "HOR_max" 0 4 23, +C4<00000000000000000000000101011001>;
P_0x56316b0b9580 .param/l "HOR_min" 0 4 23, +C4<00000000000000000000000100100111>;
P_0x56316b0b95c0 .param/l "VER_max" 0 4 23, +C4<00000000000000000000000011110100>;
P_0x56316b0b9600 .param/l "VER_min" 0 4 23, +C4<00000000000000000000000011101011>;
v0x56316b0bacc0_0 .var "Bout", 0 0;
v0x56316b0bad80_0 .var "Gout", 0 0;
v0x56316b0bae40_0 .var "Rout", 0 0;
v0x56316b0baf10_0 .net "clk", 0 0, v0x56316b09a3d0_0;  alias, 1 drivers
v0x56316b0bafe0_0 .var "colorOut", 0 0;
v0x56316b0bb0d0_0 .var "countH", 10 0;
v0x56316b0bb1b0_0 .var "countV", 10 0;
v0x56316b0bb290_0 .var "despl", 10 0;
v0x56316b0bb370_0 .net "disp7", 6 0, v0x56316b0bab80_0;  1 drivers
v0x56316b0bb430_0 .net "h0", 3 0, v0x56316b0bc790_0;  1 drivers
v0x56316b0bb4f0_0 .net "h1", 3 0, v0x56316b0bc860_0;  1 drivers
v0x56316b0bb5d0_0 .net "h_sinc", 0 0, v0x56316b0bc930_0;  1 drivers
v0x56316b0bb690_0 .var "inside", 0 0;
v0x56316b0bb750_0 .net "m0", 3 0, v0x56316b0bcad0_0;  1 drivers
v0x56316b0bb830_0 .net "m1", 3 0, v0x56316b0bcba0_0;  1 drivers
v0x56316b0bb910_0 .var "num", 3 0;
v0x56316b0bba00_0 .var "posX", 10 0;
v0x56316b0bbac0_0 .var "posX1", 10 0;
v0x56316b0bbba0_0 .var "posY", 10 0;
v0x56316b0bbc80_0 .var "posY1", 10 0;
v0x56316b0bbd60_0 .net "s0", 3 0, v0x56316b0bcc70_0;  1 drivers
v0x56316b0bbe40_0 .net "s1", 3 0, v0x56316b0bcd40_0;  1 drivers
v0x56316b0bbf20_0 .var "test", 0 0;
v0x56316b0bbfe0_0 .net "v_sinc", 0 0, v0x56316b0bcee0_0;  1 drivers
E_0x56316b05fdd0/0 .event edge, v0x56316b0bb1b0_0, v0x56316b0bb0d0_0, v0x56316b0bb690_0, v0x56316b0bba00_0;
E_0x56316b05fdd0/1 .event edge, v0x56316b0bb4f0_0, v0x56316b0bb430_0, v0x56316b0bb830_0, v0x56316b0bb750_0;
E_0x56316b05fdd0/2 .event edge, v0x56316b0bbe40_0, v0x56316b0bbd60_0, v0x56316b0bb290_0, v0x56316b0bbc80_0;
E_0x56316b05fdd0/3 .event edge, v0x56316b0bbac0_0, v0x56316b0bab80_0, v0x56316b0bafe0_0;
E_0x56316b05fdd0 .event/or E_0x56316b05fdd0/0, E_0x56316b05fdd0/1, E_0x56316b05fdd0/2, E_0x56316b05fdd0/3;
E_0x56316b0620a0 .event posedge, v0x56316b0bb5d0_0;
E_0x56316b05f1a0 .event posedge, v0x56316b0bbfe0_0;
E_0x56316b07def0 .event posedge, v0x56316b09a3d0_0;
S_0x56316b0ba0c0 .scope module, "Disp" "NumTo7Seg" 4 26, 5 1 0, S_0x56316b0b9070;
 .timescale -5 -5;
    .port_info 0 /INPUT 4 "num"
    .port_info 1 /OUTPUT 7 "out"
P_0x56316b0ba290 .param/l "EIGHT" 0 5 4, C4<00000000000000000000000000001000>;
P_0x56316b0ba2d0 .param/l "FIVE" 0 5 4, C4<00000000000000000000000000000101>;
P_0x56316b0ba310 .param/l "FOUR" 0 5 4, C4<00000000000000000000000000000100>;
P_0x56316b0ba350 .param/l "NINE" 0 5 4, C4<00000000000000000000000000001001>;
P_0x56316b0ba390 .param/l "ONE" 0 5 4, C4<00000000000000000000000000000001>;
P_0x56316b0ba3d0 .param/l "SEVEN" 0 5 4, C4<00000000000000000000000000000111>;
P_0x56316b0ba410 .param/l "SIX" 0 5 4, C4<00000000000000000000000000000110>;
P_0x56316b0ba450 .param/l "THREE" 0 5 4, C4<00000000000000000000000000000011>;
P_0x56316b0ba490 .param/l "TWO" 0 5 4, C4<00000000000000000000000000000010>;
P_0x56316b0ba4d0 .param/l "ZERO" 0 5 4, C4<00000000000000000000000000000000>;
v0x56316b0baa80_0 .net "num", 3 0, v0x56316b0bb910_0;  1 drivers
v0x56316b0bab80_0 .var "out", 6 0;
E_0x56316b0996d0 .event edge, v0x56316b0baa80_0;
    .scope S_0x56316b0ba0c0;
T_0 ;
    %wait E_0x56316b0996d0;
    %load/vec4 v0x56316b0baa80_0;
    %dup/vec4;
    %pushi/vec4 0, 0, 4;
    %cmp/u;
    %jmp/1 T_0.0, 6;
    %dup/vec4;
    %pushi/vec4 1, 0, 4;
    %cmp/u;
    %jmp/1 T_0.1, 6;
    %dup/vec4;
    %pushi/vec4 2, 0, 4;
    %cmp/u;
    %jmp/1 T_0.2, 6;
    %dup/vec4;
    %pushi/vec4 3, 0, 4;
    %cmp/u;
    %jmp/1 T_0.3, 6;
    %dup/vec4;
    %pushi/vec4 4, 0, 4;
    %cmp/u;
    %jmp/1 T_0.4, 6;
    %dup/vec4;
    %pushi/vec4 5, 0, 4;
    %cmp/u;
    %jmp/1 T_0.5, 6;
    %dup/vec4;
    %pushi/vec4 6, 0, 4;
    %cmp/u;
    %jmp/1 T_0.6, 6;
    %dup/vec4;
    %pushi/vec4 7, 0, 4;
    %cmp/u;
    %jmp/1 T_0.7, 6;
    %dup/vec4;
    %pushi/vec4 8, 0, 4;
    %cmp/u;
    %jmp/1 T_0.8, 6;
    %dup/vec4;
    %pushi/vec4 9, 0, 4;
    %cmp/u;
    %jmp/1 T_0.9, 6;
    %pushi/vec4 0, 0, 7;
    %store/vec4 v0x56316b0bab80_0, 0, 7;
    %jmp T_0.11;
T_0.0 ;
    %pushi/vec4 126, 0, 7;
    %store/vec4 v0x56316b0bab80_0, 0, 7;
    %jmp T_0.11;
T_0.1 ;
    %pushi/vec4 48, 0, 7;
    %store/vec4 v0x56316b0bab80_0, 0, 7;
    %jmp T_0.11;
T_0.2 ;
    %pushi/vec4 109, 0, 7;
    %store/vec4 v0x56316b0bab80_0, 0, 7;
    %jmp T_0.11;
T_0.3 ;
    %pushi/vec4 121, 0, 7;
    %store/vec4 v0x56316b0bab80_0, 0, 7;
    %jmp T_0.11;
T_0.4 ;
    %pushi/vec4 51, 0, 7;
    %store/vec4 v0x56316b0bab80_0, 0, 7;
    %jmp T_0.11;
T_0.5 ;
    %pushi/vec4 91, 0, 7;
    %store/vec4 v0x56316b0bab80_0, 0, 7;
    %jmp T_0.11;
T_0.6 ;
    %pushi/vec4 95, 0, 7;
    %store/vec4 v0x56316b0bab80_0, 0, 7;
    %jmp T_0.11;
T_0.7 ;
    %pushi/vec4 112, 0, 7;
    %store/vec4 v0x56316b0bab80_0, 0, 7;
    %jmp T_0.11;
T_0.8 ;
    %pushi/vec4 127, 0, 7;
    %store/vec4 v0x56316b0bab80_0, 0, 7;
    %jmp T_0.11;
T_0.9 ;
    %pushi/vec4 115, 0, 7;
    %store/vec4 v0x56316b0bab80_0, 0, 7;
    %jmp T_0.11;
T_0.11 ;
    %pop/vec4 1;
    %jmp T_0;
    .thread T_0, $push;
    .scope S_0x56316b0b9070;
T_1 ;
    %wait E_0x56316b07def0;
    %load/vec4 v0x56316b0bb0d0_0;
    %addi 1, 0, 11;
    %store/vec4 v0x56316b0bb0d0_0, 0, 11;
    %pushi/vec4 640, 0, 32;
    %load/vec4 v0x56316b0bb0d0_0;
    %pad/u 32;
    %cmp/u;
    %flag_or 5, 4;
    %jmp/0xz  T_1.0, 5;
    %load/vec4 v0x56316b0bb1b0_0;
    %addi 1, 0, 11;
    %store/vec4 v0x56316b0bb1b0_0, 0, 11;
    %pushi/vec4 0, 0, 11;
    %store/vec4 v0x56316b0bb0d0_0, 0, 11;
T_1.0 ;
    %jmp T_1;
    .thread T_1;
    .scope S_0x56316b0b9070;
T_2 ;
    %wait E_0x56316b05f1a0;
    %pushi/vec4 0, 0, 11;
    %store/vec4 v0x56316b0bb1b0_0, 0, 11;
    %jmp T_2;
    .thread T_2;
    .scope S_0x56316b0b9070;
T_3 ;
    %wait E_0x56316b0620a0;
    %pushi/vec4 0, 0, 11;
    %store/vec4 v0x56316b0bb0d0_0, 0, 11;
    %jmp T_3;
    .thread T_3;
    .scope S_0x56316b0b9070;
T_4 ;
    %wait E_0x56316b05fdd0;
    %pushi/vec4 235, 0, 32;
    %load/vec4 v0x56316b0bb1b0_0;
    %pad/u 32;
    %cmp/u;
    %flag_get/vec4 4;
    %flag_get/vec4 5;
    %or;
    %load/vec4 v0x56316b0bb1b0_0;
    %pad/u 32;
    %cmpi/u 244, 0, 32;
    %flag_get/vec4 4;
    %flag_get/vec4 5;
    %or;
    %and;
    %flag_set/vec4 8;
    %jmp/0xz  T_4.0, 8;
    %pushi/vec4 295, 0, 32;
    %load/vec4 v0x56316b0bb0d0_0;
    %pad/u 32;
    %cmp/u;
    %flag_get/vec4 4;
    %flag_get/vec4 5;
    %or;
    %load/vec4 v0x56316b0bb0d0_0;
    %pad/u 32;
    %cmpi/u 345, 0, 32;
    %flag_get/vec4 4;
    %flag_get/vec4 5;
    %or;
    %and;
    %flag_set/vec4 8;
    %jmp/0xz  T_4.2, 8;
    %pushi/vec4 1, 0, 1;
    %store/vec4 v0x56316b0bb690_0, 0, 1;
    %jmp T_4.3;
T_4.2 ;
    %pushi/vec4 0, 0, 1;
    %store/vec4 v0x56316b0bb690_0, 0, 1;
T_4.3 ;
    %jmp T_4.1;
T_4.0 ;
    %pushi/vec4 0, 0, 1;
    %store/vec4 v0x56316b0bb690_0, 0, 1;
T_4.1 ;
    %load/vec4 v0x56316b0bb0d0_0;
    %store/vec4 v0x56316b0bba00_0, 0, 11;
    %load/vec4 v0x56316b0bb1b0_0;
    %store/vec4 v0x56316b0bbba0_0, 0, 11;
    %load/vec4 v0x56316b0bb1b0_0;
    %pad/u 32;
    %subi 235, 0, 32;
    %pad/u 11;
    %store/vec4 v0x56316b0bbc80_0, 0, 11;
    %load/vec4 v0x56316b0bb690_0;
    %pad/u 32;
    %cmpi/e 0, 0, 32;
    %jmp/0xz  T_4.4, 4;
    %pushi/vec4 0, 0, 1;
    %store/vec4 v0x56316b0bafe0_0, 0, 1;
    %pushi/vec4 0, 0, 1;
    %store/vec4 v0x56316b0bbf20_0, 0, 1;
T_4.4 ;
    %load/vec4 v0x56316b0bb690_0;
    %pad/u 32;
    %cmpi/e 1, 0, 32;
    %jmp/0xz  T_4.6, 4;
    %pushi/vec4 295, 0, 32;
    %load/vec4 v0x56316b0bba00_0;
    %pad/u 32;
    %cmp/u;
    %flag_get/vec4 4;
    %flag_get/vec4 5;
    %or;
    %load/vec4 v0x56316b0bba00_0;
    %pad/u 32;
    %cmpi/u 300, 0, 32;
    %flag_get/vec4 4;
    %flag_get/vec4 5;
    %or;
    %and;
    %flag_set/vec4 8;
    %jmp/0xz  T_4.8, 8;
    %load/vec4 v0x56316b0bb4f0_0;
    %store/vec4 v0x56316b0bb910_0, 0, 4;
    %pushi/vec4 295, 0, 11;
    %store/vec4 v0x56316b0bb290_0, 0, 11;
T_4.8 ;
    %pushi/vec4 303, 0, 32;
    %load/vec4 v0x56316b0bba00_0;
    %pad/u 32;
    %cmp/u;
    %flag_get/vec4 4;
    %flag_get/vec4 5;
    %or;
    %load/vec4 v0x56316b0bba00_0;
    %pad/u 32;
    %cmpi/u 308, 0, 32;
    %flag_get/vec4 4;
    %flag_get/vec4 5;
    %or;
    %and;
    %flag_set/vec4 8;
    %jmp/0xz  T_4.10, 8;
    %load/vec4 v0x56316b0bb430_0;
    %store/vec4 v0x56316b0bb910_0, 0, 4;
    %pushi/vec4 303, 0, 11;
    %store/vec4 v0x56316b0bb290_0, 0, 11;
T_4.10 ;
    %pushi/vec4 313, 0, 32;
    %load/vec4 v0x56316b0bba00_0;
    %pad/u 32;
    %cmp/u;
    %flag_get/vec4 4;
    %flag_get/vec4 5;
    %or;
    %load/vec4 v0x56316b0bba00_0;
    %pad/u 32;
    %cmpi/u 318, 0, 32;
    %flag_get/vec4 4;
    %flag_get/vec4 5;
    %or;
    %and;
    %flag_set/vec4 8;
    %jmp/0xz  T_4.12, 8;
    %load/vec4 v0x56316b0bb830_0;
    %store/vec4 v0x56316b0bb910_0, 0, 4;
    %pushi/vec4 313, 0, 11;
    %store/vec4 v0x56316b0bb290_0, 0, 11;
T_4.12 ;
    %pushi/vec4 321, 0, 32;
    %load/vec4 v0x56316b0bba00_0;
    %pad/u 32;
    %cmp/u;
    %flag_get/vec4 4;
    %flag_get/vec4 5;
    %or;
    %load/vec4 v0x56316b0bba00_0;
    %pad/u 32;
    %cmpi/u 326, 0, 32;
    %flag_get/vec4 4;
    %flag_get/vec4 5;
    %or;
    %and;
    %flag_set/vec4 8;
    %jmp/0xz  T_4.14, 8;
    %load/vec4 v0x56316b0bb750_0;
    %store/vec4 v0x56316b0bb910_0, 0, 4;
    %pushi/vec4 321, 0, 11;
    %store/vec4 v0x56316b0bb290_0, 0, 11;
T_4.14 ;
    %pushi/vec4 331, 0, 32;
    %load/vec4 v0x56316b0bba00_0;
    %pad/u 32;
    %cmp/u;
    %flag_get/vec4 4;
    %flag_get/vec4 5;
    %or;
    %load/vec4 v0x56316b0bba00_0;
    %pad/u 32;
    %cmpi/u 336, 0, 32;
    %flag_get/vec4 4;
    %flag_get/vec4 5;
    %or;
    %and;
    %flag_set/vec4 8;
    %jmp/0xz  T_4.16, 8;
    %load/vec4 v0x56316b0bbe40_0;
    %store/vec4 v0x56316b0bb910_0, 0, 4;
    %pushi/vec4 331, 0, 11;
    %store/vec4 v0x56316b0bb290_0, 0, 11;
T_4.16 ;
    %pushi/vec4 339, 0, 32;
    %load/vec4 v0x56316b0bba00_0;
    %pad/u 32;
    %cmp/u;
    %flag_get/vec4 4;
    %flag_get/vec4 5;
    %or;
    %load/vec4 v0x56316b0bba00_0;
    %pad/u 32;
    %cmpi/u 344, 0, 32;
    %flag_get/vec4 4;
    %flag_get/vec4 5;
    %or;
    %and;
    %flag_set/vec4 8;
    %jmp/0xz  T_4.18, 8;
    %load/vec4 v0x56316b0bbd60_0;
    %store/vec4 v0x56316b0bb910_0, 0, 4;
    %pushi/vec4 339, 0, 11;
    %store/vec4 v0x56316b0bb290_0, 0, 11;
T_4.18 ;
    %load/vec4 v0x56316b0bb0d0_0;
    %load/vec4 v0x56316b0bb290_0;
    %sub;
    %store/vec4 v0x56316b0bbac0_0, 0, 11;
    %jmp T_4.7;
T_4.6 ;
    %pushi/vec4 9, 0, 11;
    %store/vec4 v0x56316b0bbc80_0, 0, 11;
    %pushi/vec4 5, 0, 11;
    %store/vec4 v0x56316b0bbac0_0, 0, 11;
T_4.7 ;
    %load/vec4 v0x56316b0bbc80_0;
    %pad/u 32;
    %cmpi/e 0, 0, 32;
    %jmp/0xz  T_4.20, 4;
    %load/vec4 v0x56316b0bbac0_0;
    %pad/u 32;
    %cmpi/e 0, 0, 32;
    %flag_mov 8, 4;
    %load/vec4 v0x56316b0bbac0_0;
    %pad/u 32;
    %cmpi/e 4, 0, 32;
    %flag_or 4, 8;
    %jmp/0xz  T_4.22, 4;
    %pushi/vec4 1, 0, 1;
    %store/vec4 v0x56316b0bbf20_0, 0, 1;
    %pushi/vec4 0, 0, 1;
    %store/vec4 v0x56316b0bafe0_0, 0, 1;
T_4.22 ;
    %load/vec4 v0x56316b0bbac0_0;
    %pad/u 32;
    %cmpi/e 1, 0, 32;
    %flag_mov 8, 4;
    %load/vec4 v0x56316b0bbac0_0;
    %pad/u 32;
    %cmpi/e 2, 0, 32;
    %flag_or 4, 8;
    %flag_mov 8, 4;
    %load/vec4 v0x56316b0bbac0_0;
    %pad/u 32;
    %cmpi/e 3, 0, 32;
    %flag_or 4, 8;
    %jmp/0xz  T_4.24, 4;
    %load/vec4 v0x56316b0bb370_0;
    %parti/s 1, 6, 4;
    %pad/u 32;
    %cmpi/e 1, 0, 32;
    %jmp/0xz  T_4.26, 4;
    %pushi/vec4 1, 0, 1;
    %store/vec4 v0x56316b0bafe0_0, 0, 1;
    %jmp T_4.27;
T_4.26 ;
    %pushi/vec4 0, 0, 1;
    %store/vec4 v0x56316b0bafe0_0, 0, 1;
T_4.27 ;
T_4.24 ;
    %jmp T_4.21;
T_4.20 ;
    %load/vec4 v0x56316b0bbc80_0;
    %pad/u 32;
    %cmpi/e 1, 0, 32;
    %flag_mov 8, 4;
    %load/vec4 v0x56316b0bbc80_0;
    %pad/u 32;
    %cmpi/e 2, 0, 32;
    %flag_or 4, 8;
    %flag_mov 8, 4;
    %load/vec4 v0x56316b0bbc80_0;
    %pad/u 32;
    %cmpi/e 3, 0, 32;
    %flag_or 4, 8;
    %jmp/0xz  T_4.28, 4;
    %load/vec4 v0x56316b0bbac0_0;
    %pad/u 32;
    %cmpi/e 1, 0, 32;
    %flag_mov 8, 4;
    %load/vec4 v0x56316b0bbac0_0;
    %pad/u 32;
    %cmpi/e 2, 0, 32;
    %flag_or 4, 8;
    %flag_mov 8, 4;
    %load/vec4 v0x56316b0bbac0_0;
    %pad/u 32;
    %cmpi/e 3, 0, 32;
    %flag_or 4, 8;
    %jmp/0xz  T_4.30, 4;
    %pushi/vec4 0, 0, 1;
    %store/vec4 v0x56316b0bafe0_0, 0, 1;
T_4.30 ;
    %load/vec4 v0x56316b0bbac0_0;
    %pad/u 32;
    %cmpi/e 0, 0, 32;
    %jmp/0xz  T_4.32, 4;
    %load/vec4 v0x56316b0bb370_0;
    %parti/s 1, 1, 2;
    %pad/u 32;
    %cmpi/e 1, 0, 32;
    %jmp/0xz  T_4.34, 4;
    %pushi/vec4 1, 0, 1;
    %store/vec4 v0x56316b0bafe0_0, 0, 1;
    %jmp T_4.35;
T_4.34 ;
    %pushi/vec4 0, 0, 1;
    %store/vec4 v0x56316b0bafe0_0, 0, 1;
T_4.35 ;
T_4.32 ;
    %load/vec4 v0x56316b0bbac0_0;
    %pad/u 32;
    %cmpi/e 4, 0, 32;
    %jmp/0xz  T_4.36, 4;
    %load/vec4 v0x56316b0bb370_0;
    %parti/s 1, 5, 4;
    %pad/u 32;
    %cmpi/e 1, 0, 32;
    %jmp/0xz  T_4.38, 4;
    %pushi/vec4 1, 0, 1;
    %store/vec4 v0x56316b0bafe0_0, 0, 1;
    %jmp T_4.39;
T_4.38 ;
    %pushi/vec4 0, 0, 1;
    %store/vec4 v0x56316b0bafe0_0, 0, 1;
T_4.39 ;
T_4.36 ;
    %jmp T_4.29;
T_4.28 ;
    %load/vec4 v0x56316b0bbc80_0;
    %pad/u 32;
    %cmpi/e 4, 0, 32;
    %jmp/0xz  T_4.40, 4;
    %load/vec4 v0x56316b0bbac0_0;
    %pad/u 32;
    %cmpi/e 0, 0, 32;
    %flag_mov 8, 4;
    %load/vec4 v0x56316b0bbac0_0;
    %pad/u 32;
    %cmpi/e 4, 0, 32;
    %flag_or 4, 8;
    %jmp/0xz  T_4.42, 4;
    %pushi/vec4 0, 0, 1;
    %store/vec4 v0x56316b0bafe0_0, 0, 1;
T_4.42 ;
    %load/vec4 v0x56316b0bbac0_0;
    %pad/u 32;
    %cmpi/e 1, 0, 32;
    %flag_mov 8, 4;
    %load/vec4 v0x56316b0bbac0_0;
    %pad/u 32;
    %cmpi/e 2, 0, 32;
    %flag_or 4, 8;
    %flag_mov 8, 4;
    %load/vec4 v0x56316b0bbac0_0;
    %pad/u 32;
    %cmpi/e 3, 0, 32;
    %flag_or 4, 8;
    %jmp/0xz  T_4.44, 4;
    %load/vec4 v0x56316b0bb370_0;
    %parti/s 1, 0, 2;
    %pad/u 32;
    %cmpi/e 1, 0, 32;
    %jmp/0xz  T_4.46, 4;
    %pushi/vec4 1, 0, 1;
    %store/vec4 v0x56316b0bafe0_0, 0, 1;
    %jmp T_4.47;
T_4.46 ;
    %pushi/vec4 0, 0, 1;
    %store/vec4 v0x56316b0bafe0_0, 0, 1;
T_4.47 ;
T_4.44 ;
    %jmp T_4.41;
T_4.40 ;
    %load/vec4 v0x56316b0bbc80_0;
    %pad/u 32;
    %cmpi/e 5, 0, 32;
    %flag_mov 8, 4;
    %load/vec4 v0x56316b0bbc80_0;
    %pad/u 32;
    %cmpi/e 6, 0, 32;
    %flag_or 4, 8;
    %flag_mov 8, 4;
    %load/vec4 v0x56316b0bbc80_0;
    %pad/u 32;
    %cmpi/e 7, 0, 32;
    %flag_or 4, 8;
    %jmp/0xz  T_4.48, 4;
    %load/vec4 v0x56316b0bbac0_0;
    %pad/u 32;
    %cmpi/e 1, 0, 32;
    %flag_mov 8, 4;
    %load/vec4 v0x56316b0bbac0_0;
    %pad/u 32;
    %cmpi/e 2, 0, 32;
    %flag_or 4, 8;
    %flag_mov 8, 4;
    %load/vec4 v0x56316b0bbac0_0;
    %pad/u 32;
    %cmpi/e 3, 0, 32;
    %flag_or 4, 8;
    %jmp/0xz  T_4.50, 4;
    %pushi/vec4 0, 0, 1;
    %store/vec4 v0x56316b0bafe0_0, 0, 1;
T_4.50 ;
    %load/vec4 v0x56316b0bbac0_0;
    %pad/u 32;
    %cmpi/e 0, 0, 32;
    %jmp/0xz  T_4.52, 4;
    %load/vec4 v0x56316b0bb370_0;
    %parti/s 1, 2, 3;
    %pad/u 32;
    %cmpi/e 1, 0, 32;
    %jmp/0xz  T_4.54, 4;
    %pushi/vec4 1, 0, 1;
    %store/vec4 v0x56316b0bafe0_0, 0, 1;
    %jmp T_4.55;
T_4.54 ;
    %pushi/vec4 0, 0, 1;
    %store/vec4 v0x56316b0bafe0_0, 0, 1;
T_4.55 ;
T_4.52 ;
    %load/vec4 v0x56316b0bbac0_0;
    %pad/u 32;
    %cmpi/e 4, 0, 32;
    %jmp/0xz  T_4.56, 4;
    %load/vec4 v0x56316b0bb370_0;
    %parti/s 1, 4, 4;
    %pad/u 32;
    %cmpi/e 1, 0, 32;
    %jmp/0xz  T_4.58, 4;
    %pushi/vec4 1, 0, 1;
    %store/vec4 v0x56316b0bafe0_0, 0, 1;
    %jmp T_4.59;
T_4.58 ;
    %pushi/vec4 0, 0, 1;
    %store/vec4 v0x56316b0bafe0_0, 0, 1;
T_4.59 ;
T_4.56 ;
    %jmp T_4.49;
T_4.48 ;
    %load/vec4 v0x56316b0bbc80_0;
    %pad/u 32;
    %cmpi/e 8, 0, 32;
    %jmp/0xz  T_4.60, 4;
    %load/vec4 v0x56316b0bbac0_0;
    %pad/u 32;
    %cmpi/e 0, 0, 32;
    %flag_mov 8, 4;
    %load/vec4 v0x56316b0bbac0_0;
    %pad/u 32;
    %cmpi/e 4, 0, 32;
    %flag_or 4, 8;
    %jmp/0xz  T_4.62, 4;
    %pushi/vec4 0, 0, 1;
    %store/vec4 v0x56316b0bafe0_0, 0, 1;
T_4.62 ;
    %load/vec4 v0x56316b0bbac0_0;
    %pad/u 32;
    %cmpi/e 1, 0, 32;
    %flag_mov 8, 4;
    %load/vec4 v0x56316b0bbac0_0;
    %pad/u 32;
    %cmpi/e 2, 0, 32;
    %flag_or 4, 8;
    %flag_mov 8, 4;
    %load/vec4 v0x56316b0bbac0_0;
    %pad/u 32;
    %cmpi/e 3, 0, 32;
    %flag_or 4, 8;
    %jmp/0xz  T_4.64, 4;
    %load/vec4 v0x56316b0bb370_0;
    %parti/s 1, 3, 3;
    %pad/u 32;
    %cmpi/e 1, 0, 32;
    %jmp/0xz  T_4.66, 4;
    %pushi/vec4 1, 0, 1;
    %store/vec4 v0x56316b0bafe0_0, 0, 1;
    %jmp T_4.67;
T_4.66 ;
    %pushi/vec4 0, 0, 1;
    %store/vec4 v0x56316b0bafe0_0, 0, 1;
T_4.67 ;
T_4.64 ;
    %jmp T_4.61;
T_4.60 ;
    %pushi/vec4 0, 0, 1;
    %store/vec4 v0x56316b0bafe0_0, 0, 1;
T_4.61 ;
T_4.49 ;
T_4.41 ;
T_4.29 ;
T_4.21 ;
    %load/vec4 v0x56316b0bafe0_0;
    %store/vec4 v0x56316b0bae40_0, 0, 1;
    %load/vec4 v0x56316b0bafe0_0;
    %store/vec4 v0x56316b0bad80_0, 0, 1;
    %load/vec4 v0x56316b0bafe0_0;
    %store/vec4 v0x56316b0bacc0_0, 0, 1;
    %jmp T_4;
    .thread T_4, $push;
    .scope S_0x56316b09a0d0;
T_5 ;
    %fork t_1, S_0x56316b09a250;
    %jmp t_0;
    .scope S_0x56316b09a250;
t_1 ;
    %pushi/vec4 0, 0, 1;
    %assign/vec4 v0x56316b09a3d0_0, 0;
    %delay 2, 0;
    %pushi/vec4 1, 0, 1;
    %assign/vec4 v0x56316b09a3d0_0, 0;
    %delay 2, 0;
    %end;
    .scope S_0x56316b09a0d0;
t_0 %join;
    %jmp T_5;
    .thread T_5;
    .scope S_0x56316b099f50;
T_6 ;
    %pushi/vec4 1, 0, 1;
    %store/vec4 v0x56316b0bc930_0, 0, 1;
    %pushi/vec4 1, 0, 1;
    %store/vec4 v0x56316b0bcee0_0, 0, 1;
    %pushi/vec4 8, 0, 4;
    %store/vec4 v0x56316b0bc860_0, 0, 4;
    %pushi/vec4 8, 0, 4;
    %store/vec4 v0x56316b0bc790_0, 0, 4;
    %pushi/vec4 8, 0, 4;
    %store/vec4 v0x56316b0bcba0_0, 0, 4;
    %pushi/vec4 8, 0, 4;
    %store/vec4 v0x56316b0bcad0_0, 0, 4;
    %pushi/vec4 8, 0, 4;
    %store/vec4 v0x56316b0bcd40_0, 0, 4;
    %pushi/vec4 8, 0, 4;
    %store/vec4 v0x56316b0bcc70_0, 0, 4;
    %delay 1, 0;
    %pushi/vec4 0, 0, 1;
    %store/vec4 v0x56316b0bc930_0, 0, 1;
    %pushi/vec4 0, 0, 1;
    %store/vec4 v0x56316b0bcee0_0, 0, 1;
    %delay 1000000, 0;
    %vpi_call 2 28 "$finish" {0 0 0};
    %end;
    .thread T_6;
    .scope S_0x56316b099f50;
T_7 ;
    %vpi_call 2 40 "$dumpfile", "testwaves.vcd" {0 0 0};
    %vpi_call 2 41 "$dumpvars", 32'sb00000000000000000000000000000000, S_0x56316b099f50 {0 0 0};
    %end;
    .thread T_7;
# The file index is used to find the file name in the following table.
:file_names 6;
    "N/A";
    "<interactive>";
    "testPsPant.v";
    "clock.v";
    "PosPant.v";
    "NumTo7Seg.v";
